** Drc report for solar-glow-drh-v3_0.kicad_pcb **
** Created on 2026-07-02T01:07:50 **
** Report includes: Errors, Warnings, Exclusions **

** Found 20 DRC violations **
[tracks_crossing]: Tracks crossing
    Local override; error
    @(41.0000 mm, 52.4200 mm): Track [LA] on B.Cu, length 14.4200 mm
    @(41.0000 mm, 38.0000 mm): Track [LB] on B.Cu, length 1.9000 mm
[copper_edge_clearance]: Board edge clearance violation (board setup constraints edge clearance 0.5000 mm; actual 0.0000 mm)
    Rule: board setup constraints edge; error
    @(47.8000 mm, 0.0000 mm): Segment on Edge.Cuts
    @(25.4000 mm, 1.2500 mm): Segment [GND] on F.Cu
[copper_edge_clearance]: Board edge clearance violation (board setup constraints edge clearance 0.5000 mm; actual 0.0000 mm)
    Rule: board setup constraints edge; error
    @(3.0000 mm, 88.9000 mm): Segment on Edge.Cuts
    @(25.4000 mm, 87.6500 mm): Segment [GND] on F.Cu
[starved_thermal]: Thermal relief connection to zone incomplete (layer B.Cu; 2 spokes connected to isolated island)
    Local override; error
    @(0.0000 mm, 0.0000 mm): Zone 'GND_B' [GND] on B.Cu, priority 0
    @(12.6650 mm, 16.9000 mm): Pad 3 [GND] of TC1 on B.Cu
[track_dangling]: Track has unconnected end
    Local override; warning
    @(25.8640 mm, 35.0640 mm): Track [GND] on B.Cu, length 1.3086 mm
[track_dangling]: Track has unconnected end
    Local override; warning
    @(47.3000 mm, 68.0000 mm): Track [GND] on B.Cu, length 0.5000 mm
[track_dangling]: Track has unconnected end
    Local override; warning
    @(33.3110 mm, 37.7890 mm): Track [MID] on B.Cu, length 2.0520 mm
[track_dangling]: Track has unconnected end
    Local override; warning
    @(34.0610 mm, 59.8390 mm): Track [MID] on B.Cu, length 6.9000 mm
[track_dangling]: Track has unconnected end
    Local override; warning
    @(32.5000 mm, 48.6000 mm): Track [VS] on B.Cu, length 1.0200 mm
[track_dangling]: Track has unconnected end
    Local override; warning
    @(32.8100 mm, 37.0000 mm): Track [VS] on B.Cu, length 0.5000 mm
[track_dangling]: Track has unconnected end
    Local override; warning
    @(21.7500 mm, 36.4000 mm): Track [VS] on B.Cu, length 1.0200 mm
[track_dangling]: Track has unconnected end
    Local override; warning
    @(3.1000 mm, 7.6000 mm): Track [VS] on B.Cu, length 48.4000 mm
[track_dangling]: Track has unconnected end
    Local override; warning
    @(45.9900 mm, 70.5000 mm): Track [VS] on B.Cu, length 0.6998 mm
[track_dangling]: Track has unconnected end
    Local override; warning
    @(36.0000 mm, 31.6600 mm): Track [VNFC] on B.Cu, length 0.0424 mm
[track_dangling]: Track has unconnected end
    Local override; warning
    @(34.7500 mm, 34.0000 mm): Track [SDA] on B.Cu, length 0.2121 mm
[track_dangling]: Track has unconnected end
    Local override; warning
    @(10.3300 mm, 43.8300 mm): Track [VSENSE] on B.Cu, length 0.1700 mm
[track_dangling]: Track has unconnected end
    Local override; warning
    @(11.6000 mm, 44.1600 mm): Track [SCL] on B.Cu, length 0.3000 mm
[track_dangling]: Track has unconnected end
    Local override; warning
    @(19.1500 mm, 36.7000 mm): Track [SCL] on B.Cu, length 0.2121 mm
[track_dangling]: Track has unconnected end
    Local override; warning
    @(20.2500 mm, 36.6500 mm): Track [INT2] on B.Cu, length 1.0512 mm
[track_dangling]: Track has unconnected end
    Local override; warning
    @(12.5000 mm, 41.4250 mm): Track [LDRV4] on F.Cu, length 0.0559 mm

** Found 0 unconnected pads **

** Found 0 Footprint errors **

** Ignored checks **
    - Footprint has no courtyard defined
    - Solder mask aperture bridges items with different nets
    - Track endpoint not centered on via
    - Tuning profile track geometries
    - Footprint doesn't match symbol's footprint filters
    - Footprint component type doesn't match footprint pads
    - Footprint not found in libraries

** End of Report **
