** Drc report for solar-glow-drh-v4_0.kicad_pcb **
** Created on 2026-07-18T22:01:00 **
** Report includes: Errors, Warnings, Exclusions **

** Found 11 DRC violations **
[silk_over_copper]: Silkscreen clipped by solder mask
    Local override; warning
    @(2.4900 mm, 53.9500 mm): Polygon of U9 on B.Silkscreen
    @(1.9812 mm, 54.2016 mm): Pad 2 [STO] of FB1 on B.Cu
[tracks_crossing]: Tracks crossing
    Rule: clearance-hard-floor; error (excluded)
    @(41.0000 mm, 52.4200 mm): Track [LA] on B.Cu, length 14.4200 mm
    @(41.0000 mm, 38.0000 mm): Track [LB] on B.Cu, length 1.9000 mm
[npth_inside_courtyard]: NPTH inside courtyard
    Local override; error (excluded)
    @(10.7600 mm, 14.3600 mm): NPTH pad of 
    @(15.5000 mm, 21.2500 mm): Footprint SC1
[npth_inside_courtyard]: NPTH inside courtyard
    Local override; error (excluded)
    @(10.7600 mm, 17.5350 mm): NPTH pad of 
    @(15.5000 mm, 21.2500 mm): Footprint SC1
[npth_inside_courtyard]: NPTH inside courtyard
    Local override; error (excluded)
    @(12.2840 mm, 19.4400 mm): NPTH pad of 
    @(15.5000 mm, 21.2500 mm): Footprint SC1
[npth_inside_courtyard]: NPTH inside courtyard
    Local override; error (excluded)
    @(13.3000 mm, 14.3600 mm): NPTH pad of 
    @(15.5000 mm, 21.2500 mm): Footprint SC1
[npth_inside_courtyard]: NPTH inside courtyard
    Local override; error (excluded)
    @(14.3160 mm, 19.4400 mm): NPTH pad of 
    @(15.5000 mm, 21.2500 mm): Footprint SC1
[npth_inside_courtyard]: NPTH inside courtyard
    Local override; error (excluded)
    @(15.8400 mm, 14.3600 mm): NPTH pad of 
    @(15.5000 mm, 21.2500 mm): Footprint SC1
[npth_inside_courtyard]: NPTH inside courtyard
    Local override; error (excluded)
    @(15.8400 mm, 17.5350 mm): NPTH pad of 
    @(15.5000 mm, 21.2500 mm): Footprint SC1
[copper_edge_clearance]: Board edge clearance violation (board setup constraints edge clearance 0.5000 mm; actual 0.0000 mm)
    Rule: board setup constraints edge; error (excluded)
    @(47.8000 mm, 0.0000 mm): Segment on Edge.Cuts
    @(25.4000 mm, 1.2500 mm): Segment [GND] on F.Cu
[copper_edge_clearance]: Board edge clearance violation (board setup constraints edge clearance 0.5000 mm; actual 0.0000 mm)
    Rule: board setup constraints edge; error (excluded)
    @(3.0000 mm, 88.9000 mm): Segment on Edge.Cuts
    @(25.4000 mm, 87.6500 mm): Segment [GND] on F.Cu

** Found 0 unconnected pads **

** Found 21 Footprint errors **
[duplicate_footprints]: Duplicate footprints
    Local override; warning
    @(47.8000 mm, 60.4000 mm): Footprint <no reference designator>
    @(3.0000 mm, 60.4000 mm): Footprint <no reference designator>
[duplicate_footprints]: Duplicate footprints
    Local override; warning
    @(3.0000 mm, 28.5000 mm): Footprint <no reference designator>
    @(3.0000 mm, 60.4000 mm): Footprint <no reference designator>
[duplicate_footprints]: Duplicate footprints
    Local override; warning
    @(47.8000 mm, 28.5000 mm): Footprint <no reference designator>
    @(3.0000 mm, 60.4000 mm): Footprint <no reference designator>
[duplicate_footprints]: Duplicate footprints
    Local override; warning
    @(0.0000 mm, 0.0000 mm): Footprint <no reference designator>
    @(3.0000 mm, 60.4000 mm): Footprint <no reference designator>
[footprint_symbol_mismatch]: Downloads:SCHURTER_SCPC_SS17 doesn't match footprint given by symbol (solarglow:SC1)
    Local override; warning
    @(15.5000 mm, 21.2500 mm): Footprint SC1
[footprint_symbol_mismatch]: Footprint attributes don't match symbol: 'Exclude from bill of materials' settings differ
    Local override; warning
    @(15.5000 mm, 21.2500 mm): Footprint SC1
[footprint_symbol_field_mismatch]: Missing symbol field 'MPN' in footprint
    Local override; warning
    @(15.5000 mm, 21.2500 mm): Footprint SC1
[footprint_symbol_mismatch]: Downloads:SCHURTER_SCPC_WS17-mod2 doesn't match footprint given by symbol (solarglow:SC2)
    Local override; warning
    @(35.3000 mm, 16.9000 mm): Footprint SC2
[footprint_symbol_mismatch]: Footprint attributes don't match symbol: 'Exclude from bill of materials' settings differ
    Local override; warning
    @(35.3000 mm, 16.9000 mm): Footprint SC2
[footprint_symbol_field_mismatch]: Missing symbol field 'MPN' in footprint
    Local override; warning
    @(35.3000 mm, 16.9000 mm): Footprint SC2
[footprint_symbol_mismatch]: Downloads:SCHURTER_SCPC_SS17 doesn't match footprint given by symbol (solarglow:SC3)
    Local override; warning
    @(15.6464 mm, 67.4803 mm): Footprint SC3
[footprint_symbol_mismatch]: Footprint attributes don't match symbol: 'Exclude from bill of materials' settings differ
    Local override; warning
    @(15.6464 mm, 67.4803 mm): Footprint SC3
[footprint_symbol_field_mismatch]: Missing symbol field 'MPN' in footprint
    Local override; warning
    @(15.6464 mm, 67.4803 mm): Footprint SC3
[footprint_symbol_mismatch]: Downloads:SCHURTER_SCPC_WS17-mod2 doesn't match footprint given by symbol (solarglow:SC4)
    Local override; warning
    @(35.2287 mm, 71.9702 mm): Footprint SC4
[footprint_symbol_mismatch]: Footprint attributes don't match symbol: 'Exclude from bill of materials' settings differ
    Local override; warning
    @(35.2287 mm, 71.9702 mm): Footprint SC4
[footprint_symbol_field_mismatch]: Missing symbol field 'MPN' in footprint
    Local override; warning
    @(35.2287 mm, 71.9702 mm): Footprint SC4
[extra_footprint]: Extra footprint
    Local override; warning
    @(3.0000 mm, 60.4000 mm): Footprint <no reference designator>
[extra_footprint]: Extra footprint
    Local override; warning
    @(47.8000 mm, 60.4000 mm): Footprint <no reference designator>
[extra_footprint]: Extra footprint
    Local override; warning
    @(3.0000 mm, 28.5000 mm): Footprint <no reference designator>
[extra_footprint]: Extra footprint
    Local override; warning
    @(47.8000 mm, 28.5000 mm): Footprint <no reference designator>
[extra_footprint]: Extra footprint
    Local override; warning
    @(0.0000 mm, 0.0000 mm): Footprint <no reference designator>

** Ignored checks **
    - Footprint has no courtyard defined
    - Solder mask aperture bridges items with different nets
    - Track endpoint not centered on via
    - Tuning profile track geometries
    - Footprint doesn't match symbol's footprint filters
    - Footprint component type doesn't match footprint pads
    - Footprint not found in libraries
    - Footprint doesn't match copy in library

** End of Report **
